[INFO] Scanning for projects...
[INFO] 
[INFO] ------------------< com.research:research-workbench >-------------------
[INFO] Building research-workbench 1.0.0
[INFO] --------------------------------[ jar ]---------------------------------
[INFO] 
[INFO] >>> spring-boot-maven-plugin:3.2.0:run (default-cli) > test-compile @ research-workbench >>>
[INFO] 
[INFO] --- maven-enforcer-plugin:3.4.1:enforce (enforce-java-version) @ research-workbench ---
[INFO] Rule 0: org.apache.maven.enforcer.rules.version.RequireJavaVersion passed
[INFO] 
[INFO] --- maven-resources-plugin:3.3.1:resources (default-resources) @ research-workbench ---
[INFO] Copying 2 resources from src\main\resources to target\classes
[INFO] Copying 9 resources from src\main\resources to target\classes
[INFO] 
[INFO] --- maven-compiler-plugin:3.11.0:compile (default-compile) @ research-workbench ---
[INFO] Nothing to compile - all classes are up to date
[INFO] 
[INFO] --- maven-resources-plugin:3.3.1:testResources (default-testResources) @ research-workbench ---
[INFO] skip non existing resourceDirectory E:\AI\研究牲\src\test\resources
[INFO] 
[INFO] --- maven-compiler-plugin:3.11.0:testCompile (default-testCompile) @ research-workbench ---
[INFO] Nothing to compile - all classes are up to date
[INFO] 
[INFO] <<< spring-boot-maven-plugin:3.2.0:run (default-cli) < test-compile @ research-workbench <<<
[INFO] 
[INFO] 
[INFO] --- spring-boot-maven-plugin:3.2.0:run (default-cli) @ research-workbench ---
[INFO] Attaching agents: []
Standard Commons Logging discovery in action with spring-jcl: please remove commons-logging.jar from classpath in order to avoid potential conflicts

  .   ____          _            __ _ _
 /\\ / ___'_ __ _ _(_)_ __  __ _ \ \ \ \
( ( )\___ | '_ | '_| | '_ \/ _` | \ \ \ \
 \\/  ___)| |_)| | | | | || (_| |  ) ) ) )
  '  |____| .__|_| |_|_| |_\__, | / / / /
 =========|_|==============|___/=/_/_/_/
 :: Spring Boot ::                (v3.2.0)

2026-04-26T23:12:21.426+08:00  INFO 35440 --- [research-workbench] [           main] c.r.w.ResearchWorkbenchApplication       : Starting ResearchWorkbenchApplication using Java 17.0.16 with PID 35440 (E:\AI\研究牲\target\classes started by he in E:\AI\研究牲)
2026-04-26T23:12:21.430+08:00  INFO 35440 --- [research-workbench] [           main] c.r.w.ResearchWorkbenchApplication       : No active profile set, falling back to 1 default profile: "default"
2026-04-26T23:12:22.109+08:00  INFO 35440 --- [research-workbench] [           main] .s.d.r.c.RepositoryConfigurationDelegate : Multiple Spring Data modules found, entering strict repository configuration mode
2026-04-26T23:12:22.112+08:00  INFO 35440 --- [research-workbench] [           main] .s.d.r.c.RepositoryConfigurationDelegate : Bootstrapping Spring Data JPA repositories in DEFAULT mode.
2026-04-26T23:12:22.295+08:00  INFO 35440 --- [research-workbench] [           main] .s.d.r.c.RepositoryConfigurationDelegate : Finished Spring Data repository scanning in 176 ms. Found 24 JPA repository interfaces.
2026-04-26T23:12:22.867+08:00  INFO 35440 --- [research-workbench] [           main] o.s.b.w.embedded.tomcat.TomcatWebServer  : Tomcat initialized with port 5001 (http)
2026-04-26T23:12:22.880+08:00  INFO 35440 --- [research-workbench] [           main] o.apache.catalina.core.StandardService   : Starting service [Tomcat]
2026-04-26T23:12:22.882+08:00  INFO 35440 --- [research-workbench] [           main] o.apache.catalina.core.StandardEngine    : Starting Servlet engine: [Apache Tomcat/10.1.16]
2026-04-26T23:12:22.946+08:00  INFO 35440 --- [research-workbench] [           main] o.a.c.c.C.[Tomcat].[localhost].[/]       : Initializing Spring embedded WebApplicationContext
2026-04-26T23:12:22.949+08:00  INFO 35440 --- [research-workbench] [           main] w.s.c.ServletWebServerApplicationContext : Root WebApplicationContext: initialization completed in 1483 ms
Standard Commons Logging discovery in action with spring-jcl: please remove commons-logging.jar from classpath in order to avoid potential conflicts
2026-04-26T23:12:22.977+08:00  INFO 35440 --- [research-workbench] [           main] com.zaxxer.hikari.HikariDataSource       : HikariPool-1 - Starting...
2026-04-26T23:12:23.296+08:00  INFO 35440 --- [research-workbench] [           main] com.zaxxer.hikari.pool.HikariPool        : HikariPool-1 - Added connection com.mysql.cj.jdbc.ConnectionImpl@4ae280da
2026-04-26T23:12:23.300+08:00  INFO 35440 --- [research-workbench] [           main] com.zaxxer.hikari.HikariDataSource       : HikariPool-1 - Start completed.
2026-04-26T23:12:23.307+08:00  INFO 35440 --- [research-workbench] [           main] o.s.b.a.h2.H2ConsoleAutoConfiguration    : H2 console available at '/h2-console'. Database available at 'jdbc:mysql://localhost:3306/research_workbench'
2026-04-26T23:12:23.450+08:00  INFO 35440 --- [research-workbench] [           main] o.hibernate.jpa.internal.util.LogHelper  : HHH000204: Processing PersistenceUnitInfo [name: default]
2026-04-26T23:12:23.522+08:00  INFO 35440 --- [research-workbench] [           main] org.hibernate.Version                    : HHH000412: Hibernate ORM core version 6.3.1.Final
2026-04-26T23:12:23.564+08:00  INFO 35440 --- [research-workbench] [           main] o.h.c.internal.RegionFactoryInitiator    : HHH000026: Second-level cache disabled
2026-04-26T23:12:23.768+08:00  INFO 35440 --- [research-workbench] [           main] o.s.o.j.p.SpringPersistenceUnitInfo      : No LoadTimeWeaver setup: ignoring JPA class transformer
2026-04-26T23:12:23.842+08:00  WARN 35440 --- [research-workbench] [           main] org.hibernate.orm.deprecation            : HHH90000025: MySQLDialect does not need to be specified explicitly using 'hibernate.dialect' (remove the property setting and it will be selected by default)
2026-04-26T23:12:24.800+08:00  INFO 35440 --- [research-workbench] [           main] o.h.e.t.j.p.i.JtaPlatformInitiator       : HHH000489: No JTA platform available (set 'hibernate.transaction.jta.platform' to enable JTA platform integration)
2026-04-26T23:12:24.872+08:00  INFO 35440 --- [research-workbench] [           main] j.LocalContainerEntityManagerFactoryBean : Initialized JPA EntityManagerFactory for persistence unit 'default'
2026-04-26T23:12:26.105+08:00  INFO 35440 --- [research-workbench] [           main] o.s.b.a.w.s.WelcomePageHandlerMapping    : Adding welcome page: class path resource [static/index.html]
2026-04-26T23:12:26.215+08:00  INFO 35440 --- [research-workbench] [           main] o.s.s.web.DefaultSecurityFilterChain     : Will secure any request with [org.springframework.security.web.session.DisableEncodeUrlFilter@35be9318, org.springframework.security.web.context.request.async.WebAsyncManagerIntegrationFilter@2ad39f2f, org.springframework.security.web.context.SecurityContextHolderFilter@626a4e0a, org.springframework.security.web.header.HeaderWriterFilter@2e3c5ecc, org.springframework.web.filter.CorsFilter@7db53694, org.springframework.security.web.authentication.logout.LogoutFilter@46875fae, org.springframework.security.web.savedrequest.RequestCacheAwareFilter@2c9616bb, org.springframework.security.web.servletapi.SecurityContextHolderAwareRequestFilter@269fe2fe, org.springframework.security.web.authentication.AnonymousAuthenticationFilter@dc72335, org.springframework.security.web.access.ExceptionTranslationFilter@43ef1243, org.springframework.security.web.access.intercept.AuthorizationFilter@32b5b8f8]
2026-04-26T23:12:26.700+08:00  INFO 35440 --- [research-workbench] [           main] o.s.b.w.embedded.tomcat.TomcatWebServer  : Tomcat started on port 5001 (http) with context path ''
2026-04-26T23:12:26.707+08:00  INFO 35440 --- [research-workbench] [           main] c.r.w.ResearchWorkbenchApplication       : Started ResearchWorkbenchApplication in 5.619 seconds (process running for 5.952)
2026-04-26T23:13:02.939+08:00  INFO 35440 --- [research-workbench] [nio-5001-exec-2] o.a.c.c.C.[Tomcat].[localhost].[/]       : Initializing Spring DispatcherServlet 'dispatcherServlet'
2026-04-26T23:13:02.960+08:00  INFO 35440 --- [research-workbench] [nio-5001-exec-2] o.s.web.servlet.DispatcherServlet        : Initializing Servlet 'dispatcherServlet'
2026-04-26T23:13:02.964+08:00  INFO 35440 --- [research-workbench] [nio-5001-exec-2] o.s.web.servlet.DispatcherServlet        : Completed initialization in 1 ms
2026-04-26T23:13:02.975+08:00  WARN 35440 --- [research-workbench] [nio-5001-exec-2] o.s.w.s.h.HandlerMappingIntrospector     : Cache miss for REQUEST dispatch to '/assets/styles.css' (previous null). Performing CorsConfiguration lookup. This is logged once only at WARN level, and every time at TRACE.
2026-04-26T23:13:02.984+08:00  WARN 35440 --- [research-workbench] [nio-5001-exec-3] o.s.w.s.h.HandlerMappingIntrospector     : Cache miss for REQUEST dispatch to '/assets/app.js' (previous null). Performing MatchableHandlerMapping lookup. This is logged once only at WARN level, and every time at TRACE.
